// Jest Snapshot v1, https://goo.gl/fbAQLP

exports[`The SearchCard component should render 1`] = `
<View
  cardColor="#6bac43"
  style={
    Object {
      "backgroundColor": "#6bac43",
      "borderRadius": 16,
      "marginHorizontal": 16,
      "marginVertical": 12,
      "shadowColor": "rgba(8, 0, 20, 0.25)",
      "shadowOffset": Object {
        "height": 1,
        "width": 0,
      },
      "shadowOpacity": 1,
      "shadowRadius": 6,
    }
  }
>
  <View
    style={
      Object {
        "borderRadius": 16,
        "overflow": "hidden",
      }
    }
  >
    <View
      style={
        Object {
          "backgroundColor": "#858585",
          "overflow": "hidden",
          "width": "100%",
        }
      }
    >
      <View
        animate={null}
        customAnimate={null}
        onReady={false}
        style={
          Object {
            "aspectRatio": 1,
            "backgroundColor": "#858585",
            "resizeMode": "cover",
            "width": "100%",
          }
        }
      >
        <Image
          maxAspectRatio={1}
          minAspectRatio={1}
          onLoad={[Function]}
          source={
            Array [
              Object {
                "__typename": "ImageMedia",
                "cache": "force-cache",
                "name": "Square Image",
                "sources": Array [
                  Object {
                    "__typename": "ImageMediaSource",
                    "uri": "https://res.cloudinary.com/apollos/image/fetch/c_limit,f_auto,w_1600/https://apollosrock.newspring.cc/GetImage.ashx%3Fguid%3Dd3a96243-2558-4c04-bf41-3aadcf41771f",
                  },
                ],
                "uri": "",
              },
            ]
          }
          style={
            Object {
              "backgroundColor": "#858585",
              "opacity": 0,
              "resizeMode": "cover",
              "width": "100%",
            }
          }
        />
      </View>
      <BVLinearGradient
        colors={
          Array [
            1718332483,
            4285246531,
          ]
        }
        endPoint={
          Object {
            "x": 0,
            "y": 1,
          }
        }
        locations={
          Array [
            0,
            0.8,
          ]
        }
        overlayColor="#6bac43"
        overlayType="featured"
        startPoint={
          Object {
            "x": 0,
            "y": 0,
          }
        }
        style={
          Object {
            "bottom": 0,
            "left": 0,
            "position": "absolute",
            "right": 0,
            "top": 0,
          }
        }
      />
    </View>
    <View
      style={
        Object {
          "alignItems": "flex-start",
          "marginTop": "-40%",
          "paddingBottom": 32,
          "paddingHorizontal": 24,
          "paddingVertical": 16,
        }
      }
    >
      <Text
        numberOfLines={3}
        style={
          Object {
            "color": "#ffffff",
            "fontFamily": "Colfax-Black",
            "fontSize": 36,
            "lineHeight": 41.4,
          }
        }
      >
        How to lead people to Jesus
      </Text>
      <View
        hasSummary={true}
        style={
          Object {
            "alignItems": "center",
            "flexDirection": "row",
            "paddingTop": 16,
          }
        }
      >
        <View
          style={
            Object {
              "flex": 1,
              "marginRight": 16,
            }
          }
        >
          <Text
            bold={false}
            italic={false}
            numberOfLines={2}
            style={
              Object {
                "color": "#ffffff",
                "fontFamily": "Colfax-Regular",
                "fontSize": 16,
                "lineHeight": 26,
              }
            }
          >
            Love compels a mother to lose all dignity in public as she screams the name of her lost child.
          </Text>
        </View>
      </View>
    </View>
    <View
      style={
        Object {
          "position": "absolute",
          "right": 24,
          "top": 24,
        }
      }
    >
      <RNSVGSvgView
        align="xMidYMid"
        bbHeight={24}
        bbWidth={24}
        height={24}
        iconPadding={24}
        isLiked={false}
        meetOrSlice={0}
        minX={0}
        minY={0}
        style={
          Array [
            Object {
              "backgroundColor": "transparent",
              "borderWidth": 0,
            },
            undefined,
            null,
            Object {
              "flex": 0,
              "height": 24,
              "width": 24,
            },
          ]
        }
        vbHeight={24}
        vbWidth={24}
        width={24}
      >
        <RNSVGGroup
          fill={
            Array [
              0,
              4278190080,
            ]
          }
          fillOpacity={1}
          fillRule={1}
          font={Object {}}
          matrix={
            Array [
              1,
              0,
              0,
              1,
              0,
              0,
            ]
          }
          opacity={1}
          originX={0}
          originY={0}
          propList={Array []}
          rotation={0}
          scaleX={1}
          scaleY={1}
          skewX={0}
          skewY={0}
          stroke={null}
          strokeDasharray={null}
          strokeDashoffset={null}
          strokeLinecap={0}
          strokeLinejoin={0}
          strokeMiterlimit={4}
          strokeOpacity={1}
          strokeWidth={1}
          vectorEffect={0}
          x={0}
          y={0}
        >
          <RNSVGPath
            d="M13.13 20.2h-2.26l1.4-1.4.03-.02.03-.03c6.37-5.6 8.06-7.67 8.06-10.27 0-2.2-1.7-3.9-3.9-3.9-1.23 0-2.48.6-3.28 1.54L12 7.57l-1.23-1.45C9.97 5.18 8.72 4.6 7.5 4.6c-2.2 0-3.9 1.67-3.9 3.88 0 2.6 1.7 4.66 8.07 10.27l.03.03.04.03 1.4 1.4zM10.8 4.03l-.03.03h.1c.4.3.8.64 1.13 1.03.33-.4.72-.75 1.14-1.05h.1c-.02 0-.03-.02-.04-.03.97-.66 2.13-1.03 3.3-1.03C19.6 3 22 5.4 22 8.47c0 3.8-3.4 6.88-8.6 11.46l-1.4 1.4-1.4-1.4C5.4 15.36 2 12.27 2 8.48 2 5.38 4.4 3 7.5 3c1.17 0 2.33.37 3.3 1.03z"
            fill={
              Array [
                0,
                4294967295,
              ]
            }
            fillOpacity={1}
            fillRule={1}
            matrix={
              Array [
                1,
                0,
                0,
                1,
                0,
                0,
              ]
            }
            opacity={1}
            originX={0}
            originY={0}
            propList={
              Array [
                "fill",
              ]
            }
            rotation={0}
            scaleX={1}
            scaleY={1}
            skewX={0}
            skewY={0}
            stroke={null}
            strokeDasharray={null}
            strokeDashoffset={null}
            strokeLinecap={0}
            strokeLinejoin={0}
            strokeMiterlimit={4}
            strokeOpacity={1}
            strokeWidth={1}
            vectorEffect={0}
            x={0}
            y={0}
          />
        </RNSVGGroup>
      </RNSVGSvgView>
    </View>
  </View>
</View>
`;
