// Jest Snapshot v1, https://goo.gl/fbAQLP

exports[`the LandingScreen should render 1`] = `
<BVLinearGradient
  colors={
    Array [
      4294967295,
      4294506484,
    ]
  }
  endPoint={
    Object {
      "x": 0.5,
      "y": 1,
    }
  }
  locations={null}
  startPoint={
    Object {
      "x": 0.5,
      "y": 0,
    }
  }
  style={
    Object {
      "flex": 1,
      "height": "100%",
    }
  }
>
  <RCTScrollView
    contentContainerStyle={
      Object {
        "minHeight": "100%",
      }
    }
    overScrollMode="auto"
    scrollEnabled={false}
    style={
      Object {
        "flex": 1,
      }
    }
  >
    <View>
      <Image
        source={
          Object {
            "testUri": "../../../src/ui/LandingScreen/img/landing.png",
          }
        }
        style={
          Object {
            "height": "100%",
            "position": "absolute",
            "resizeMode": "cover",
            "width": "100%",
          }
        }
      />
      <View
        style={
          Object {
            "flex": 1,
            "justifyContent": "center",
            "paddingHorizontal": 16,
            "paddingVertical": 16,
          }
        }
      >
        <RNSVGSvgView
          align="xMidYMid"
          bbHeight={96}
          bbWidth={96}
          color="white"
          height={96}
          meetOrSlice={0}
          minX={0}
          minY={0}
          style={
            Array [
              Object {
                "backgroundColor": "transparent",
                "borderWidth": 0,
              },
              Object {
                "marginBottom": 16,
              },
              null,
              Object {
                "flex": 0,
                "height": 96,
                "width": 96,
              },
            ]
          }
          tintColor="white"
          vbHeight={24}
          vbWidth={24}
          width={96}
        >
          <RNSVGGroup
            fill={
              Array [
                0,
                4278190080,
              ]
            }
            fillOpacity={1}
            fillRule={1}
            font={Object {}}
            matrix={
              Array [
                1,
                0,
                0,
                1,
                0,
                0,
              ]
            }
            opacity={1}
            originX={0}
            originY={0}
            propList={Array []}
            rotation={0}
            scaleX={1}
            scaleY={1}
            skewX={0}
            skewY={0}
            stroke={null}
            strokeDasharray={null}
            strokeDashoffset={null}
            strokeLinecap={0}
            strokeLinejoin={0}
            strokeMiterlimit={4}
            strokeOpacity={1}
            strokeWidth={1}
            vectorEffect={0}
            x={0}
            y={0}
          >
            <RNSVGPath
              d="M8.84799129,0 L13.7577354,0 L22.6057267,24 L0,24 L8.84799129,0 Z M6.52559608,19.4398694 L16.0921502,19.4398694 L11.4494502,5.83629831 L11.1682961,5.83629831 L6.52559608,19.4398694 Z"
              fill={
                Array [
                  0,
                  4294967295,
                ]
              }
              fillOpacity={1}
              fillRule={1}
              matrix={
                Array [
                  1,
                  0,
                  0,
                  1,
                  0,
                  0,
                ]
              }
              opacity={1}
              originX={0}
              originY={0}
              propList={
                Array [
                  "fill",
                ]
              }
              rotation={0}
              scaleX={1}
              scaleY={1}
              skewX={0}
              skewY={0}
              stroke={null}
              strokeDasharray={null}
              strokeDashoffset={null}
              strokeLinecap={0}
              strokeLinejoin={0}
              strokeMiterlimit={4}
              strokeOpacity={1}
              strokeWidth={1}
              vectorEffect={0}
              x={0}
              y={0}
            />
          </RNSVGGroup>
        </RNSVGSvgView>
        <Text
          color="white"
          style={
            Object {
              "color": "white",
              "fontFamily": "InterUI-Black",
              "fontSize": 43,
              "lineHeight": 49.45,
              "marginBottom": 32,
            }
          }
        >
          Welcome to NewSpring!
        </Text>
        <Text
          color="white"
          style={
            Object {
              "color": "white",
              "fontFamily": "InterUI-Bold",
              "fontSize": 16,
              "lineHeight": 23.04,
            }
          }
        >
          The church is more than a building you go to. Itâ€™s a family you belong to.
        </Text>
      </View>
    </View>
  </RCTScrollView>
  <View
    style={
      Object {
        "alignItems": "center",
        "bottom": 0,
        "flexDirection": "row-reverse",
        "justifyContent": "space-between",
        "left": 0,
        "marginVertical": 8,
        "paddingHorizontal": 16,
        "paddingVertical": 0,
        "position": "absolute",
        "right": 0,
      }
    }
    vertical={false}
  >
    <RCTSafeAreaView
      emulateUnlessSupported={true}
      forceInset={
        Object {
          "bottom": "always",
          "top": "never",
        }
      }
    >
      <View
        accessible={true}
        clickable={true}
        isTVSelectable={true}
        onClick={[Function]}
        onResponderGrant={[Function]}
        onResponderMove={[Function]}
        onResponderRelease={[Function]}
        onResponderTerminate={[Function]}
        onResponderTerminationRequest={[Function]}
        onStartShouldSetResponder={[Function]}
        style={
          Object {
            "opacity": 1,
          }
        }
      >
        <View
          bordered={false}
          disabled={false}
          pill={true}
          style={
            Object {
              "alignItems": "center",
              "backgroundColor": "#00676D",
              "borderColor": "#00676D",
              "borderRadius": 48,
              "borderWidth": 2,
              "elevation": 2,
              "flexDirection": "row",
              "height": 48,
              "justifyContent": "center",
              "opacity": 1,
              "overflow": "hidden",
              "paddingHorizontal": 16,
            }
          }
        >
          <Text
            style={
              Object {
                "color": "#FFFFFF",
                "fontFamily": "InterUI-Medium",
                "fontSize": 14,
                "lineHeight": 20.16,
              }
            }
          >
            Let's go!
          </Text>
          <RNSVGSvgView
            align="xMidYMid"
            bbHeight={20}
            bbWidth={20}
            height={20}
            meetOrSlice={0}
            minX={0}
            minY={0}
            style={
              Array [
                Object {
                  "backgroundColor": "transparent",
                  "borderWidth": 0,
                },
                Object {
                  "marginLeft": 8,
                  "marginRight": -8,
                },
                null,
                Object {
                  "flex": 0,
                  "height": 20,
                  "width": 20,
                },
              ]
            }
            vbHeight={24}
            vbWidth={24}
            width={20}
          >
            <RNSVGGroup
              fill={
                Array [
                  0,
                  4278190080,
                ]
              }
              fillOpacity={1}
              fillRule={1}
              font={Object {}}
              matrix={
                Array [
                  1,
                  0,
                  0,
                  1,
                  0,
                  0,
                ]
              }
              opacity={1}
              originX={0}
              originY={0}
              propList={Array []}
              rotation={0}
              scaleX={1}
              scaleY={1}
              skewX={0}
              skewY={0}
              stroke={null}
              strokeDasharray={null}
              strokeDashoffset={null}
              strokeLinecap={0}
              strokeLinejoin={0}
              strokeMiterlimit={4}
              strokeOpacity={1}
              strokeWidth={1}
              vectorEffect={0}
              x={0}
              y={0}
            >
              <RNSVGPath
                d="M9.65 21L8 20.1l7.72-8.1L8 3.9 9.65 3l8.16 8.54c.27.28.27.64 0 .92L9.67 21z"
                fill={
                  Array [
                    0,
                    4294967295,
                  ]
                }
                fillOpacity={1}
                fillRule={1}
                matrix={
                  Array [
                    1,
                    0,
                    0,
                    1,
                    0,
                    0,
                  ]
                }
                opacity={1}
                originX={0}
                originY={0}
                propList={
                  Array [
                    "fill",
                  ]
                }
                rotation={0}
                scaleX={1}
                scaleY={1}
                skewX={0}
                skewY={0}
                stroke={null}
                strokeDasharray={null}
                strokeDashoffset={null}
                strokeLinecap={0}
                strokeLinejoin={0}
                strokeMiterlimit={4}
                strokeOpacity={1}
                strokeWidth={1}
                vectorEffect={0}
                x={0}
                y={0}
              />
            </RNSVGGroup>
          </RNSVGSvgView>
        </View>
      </View>
    </RCTSafeAreaView>
  </View>
</BVLinearGradient>
`;
