// Jest Snapshot v1, https://goo.gl/fbAQLP

exports[`The Onboarding LandingScreen component should pass additional props to Slide 1`] = `
<BVLinearGradient
  colors={
    Array [
      4294967295,
      4294506484,
    ]
  }
  endPoint={
    Object {
      "x": 0.5,
      "y": 1,
    }
  }
  locations={null}
  startPoint={
    Object {
      "x": 0.5,
      "y": 0,
    }
  }
  style={
    Object {
      "flex": 1,
      "height": "100%",
    }
  }
>
  <RCTScrollView
    contentContainerStyle={
      Object {
        "minHeight": "100%",
      }
    }
    overScrollMode="auto"
    scrollEnabled={false}
    style={
      Object {
        "flex": 1,
      }
    }
  >
    <View>
      <View
        style={
          Object {
            "flex": 1,
            "justifyContent": "center",
            "paddingHorizontal": 16,
            "paddingVertical": 16,
          }
        }
      >
        <RNSVGSvgView
          align="xMidYMid"
          bbHeight={96}
          bbWidth={96}
          height={96}
          meetOrSlice={0}
          minX={0}
          minY={0}
          style={
            Array [
              Object {
                "backgroundColor": "transparent",
                "borderWidth": 0,
              },
              Object {
                "marginBottom": 16,
              },
              null,
              Object {
                "flex": 0,
                "height": 96,
                "width": 96,
              },
            ]
          }
          vbHeight={24}
          vbWidth={24}
          width={96}
        >
          <RNSVGGroup
            fill={
              Array [
                0,
                4278190080,
              ]
            }
            fillOpacity={1}
            fillRule={1}
            font={Object {}}
            matrix={
              Array [
                1,
                0,
                0,
                1,
                0,
                0,
              ]
            }
            opacity={1}
            originX={0}
            originY={0}
            propList={Array []}
            rotation={0}
            scaleX={1}
            scaleY={1}
            skewX={0}
            skewY={0}
            stroke={null}
            strokeDasharray={null}
            strokeDashoffset={null}
            strokeLinecap={0}
            strokeLinejoin={0}
            strokeMiterlimit={4}
            strokeOpacity={1}
            strokeWidth={1}
            vectorEffect={0}
            x={0}
            y={0}
          >
            <RNSVGPath
              d="M12 22C5.2 22 2 17.52 2 12S6.48 2 12 2s10 3.33 10 10v10H12zM7.84 8v9.08h3.12V12.3c0-1.14.6-1.8 1.63-1.8.53 0 1.03.27 1.23.68.17.33.2.5.2 1.4v4.5h3.1v-5.65c0-1.2-.2-1.82-.8-2.45C15.7 8.33 14.86 8 13.8 8H7.84z"
              fill={
                Array [
                  0,
                  4281348144,
                ]
              }
              fillOpacity={1}
              fillRule={1}
              matrix={
                Array [
                  1,
                  0,
                  0,
                  1,
                  0,
                  0,
                ]
              }
              opacity={1}
              originX={0}
              originY={0}
              propList={
                Array [
                  "fill",
                ]
              }
              rotation={0}
              scaleX={1}
              scaleY={1}
              skewX={0}
              skewY={0}
              stroke={null}
              strokeDasharray={null}
              strokeDashoffset={null}
              strokeLinecap={0}
              strokeLinejoin={0}
              strokeMiterlimit={4}
              strokeOpacity={1}
              strokeWidth={1}
              vectorEffect={0}
              x={0}
              y={0}
            />
          </RNSVGGroup>
        </RNSVGSvgView>
        <Text
          style={
            Object {
              "color": "#303030",
              "fontFamily": "Colfax-Black",
              "fontSize": 43,
              "lineHeight": 49.45,
              "marginBottom": 32,
            }
          }
        >
          We're glad you're here.
        </Text>
        <Text
          style={
            Object {
              "color": "#303030",
              "fontFamily": "Colfax-Bold",
              "fontSize": 16,
              "lineHeight": 23.04,
            }
          }
        >
          We're not just a building you go to, but a family to belong to.
        </Text>
      </View>
    </View>
  </RCTScrollView>
  <View
    style={
      Object {
        "alignItems": "center",
        "bottom": 0,
        "flexDirection": "row-reverse",
        "justifyContent": "space-between",
        "left": 0,
        "marginVertical": 8,
        "paddingHorizontal": 16,
        "paddingVertical": 0,
        "position": "absolute",
        "right": 0,
      }
    }
    vertical={false}
  >
    <RCTSafeAreaView
      emulateUnlessSupported={true}
      forceInset={
        Object {
          "bottom": "always",
          "top": "never",
        }
      }
    >
      <View
        accessible={true}
        clickable={true}
        isTVSelectable={true}
        onClick={[Function]}
        onResponderGrant={[Function]}
        onResponderMove={[Function]}
        onResponderRelease={[Function]}
        onResponderTerminate={[Function]}
        onResponderTerminationRequest={[Function]}
        onStartShouldSetResponder={[Function]}
        style={
          Object {
            "opacity": 1,
          }
        }
      >
        <View
          bordered={false}
          disabled={false}
          pill={true}
          style={
            Object {
              "alignItems": "center",
              "backgroundColor": "#6bac43",
              "borderColor": "#6bac43",
              "borderRadius": 48,
              "borderWidth": 2,
              "elevation": 2,
              "flexDirection": "row",
              "height": 48,
              "justifyContent": "center",
              "opacity": 1,
              "overflow": "hidden",
              "paddingHorizontal": 16,
            }
          }
        >
          <Text
            style={
              Object {
                "color": "#ffffff",
                "fontFamily": "Colfax-Medium",
                "fontSize": 14,
                "lineHeight": 20.16,
              }
            }
          >
            Next
          </Text>
          <RNSVGSvgView
            align="xMidYMid"
            bbHeight={20}
            bbWidth={20}
            height={20}
            meetOrSlice={0}
            minX={0}
            minY={0}
            style={
              Array [
                Object {
                  "backgroundColor": "transparent",
                  "borderWidth": 0,
                },
                Object {
                  "marginLeft": 8,
                  "marginRight": -8,
                },
                null,
                Object {
                  "flex": 0,
                  "height": 20,
                  "width": 20,
                },
              ]
            }
            vbHeight={24}
            vbWidth={24}
            width={20}
          >
            <RNSVGGroup
              fill={
                Array [
                  0,
                  4278190080,
                ]
              }
              fillOpacity={1}
              fillRule={1}
              font={Object {}}
              matrix={
                Array [
                  1,
                  0,
                  0,
                  1,
                  0,
                  0,
                ]
              }
              opacity={1}
              originX={0}
              originY={0}
              propList={Array []}
              rotation={0}
              scaleX={1}
              scaleY={1}
              skewX={0}
              skewY={0}
              stroke={null}
              strokeDasharray={null}
              strokeDashoffset={null}
              strokeLinecap={0}
              strokeLinejoin={0}
              strokeMiterlimit={4}
              strokeOpacity={1}
              strokeWidth={1}
              vectorEffect={0}
              x={0}
              y={0}
            >
              <RNSVGPath
                d="M9.65 21L8 20.1l7.72-8.1L8 3.9 9.65 3l8.16 8.54c.27.28.27.64 0 .92L9.67 21z"
                fill={
                  Array [
                    0,
                    4294967295,
                  ]
                }
                fillOpacity={1}
                fillRule={1}
                matrix={
                  Array [
                    1,
                    0,
                    0,
                    1,
                    0,
                    0,
                  ]
                }
                opacity={1}
                originX={0}
                originY={0}
                propList={
                  Array [
                    "fill",
                  ]
                }
                rotation={0}
                scaleX={1}
                scaleY={1}
                skewX={0}
                skewY={0}
                stroke={null}
                strokeDasharray={null}
                strokeDashoffset={null}
                strokeLinecap={0}
                strokeLinejoin={0}
                strokeMiterlimit={4}
                strokeOpacity={1}
                strokeWidth={1}
                vectorEffect={0}
                x={0}
                y={0}
              />
            </RNSVGGroup>
          </RNSVGSvgView>
        </View>
      </View>
    </RCTSafeAreaView>
  </View>
</BVLinearGradient>
`;

exports[`The Onboarding LandingScreen component should render 1`] = `
<BVLinearGradient
  colors={
    Array [
      4294967295,
      4294506484,
    ]
  }
  endPoint={
    Object {
      "x": 0.5,
      "y": 1,
    }
  }
  locations={null}
  startPoint={
    Object {
      "x": 0.5,
      "y": 0,
    }
  }
  style={
    Object {
      "flex": 1,
      "height": "100%",
    }
  }
>
  <RCTScrollView
    contentContainerStyle={
      Object {
        "minHeight": "100%",
      }
    }
    overScrollMode="auto"
    scrollEnabled={false}
    style={
      Object {
        "flex": 1,
      }
    }
  >
    <View>
      <View
        style={
          Object {
            "flex": 1,
            "justifyContent": "center",
            "paddingHorizontal": 16,
            "paddingVertical": 16,
          }
        }
      >
        <RNSVGSvgView
          align="xMidYMid"
          bbHeight={96}
          bbWidth={96}
          height={96}
          meetOrSlice={0}
          minX={0}
          minY={0}
          style={
            Array [
              Object {
                "backgroundColor": "transparent",
                "borderWidth": 0,
              },
              Object {
                "marginBottom": 16,
              },
              null,
              Object {
                "flex": 0,
                "height": 96,
                "width": 96,
              },
            ]
          }
          vbHeight={24}
          vbWidth={24}
          width={96}
        >
          <RNSVGGroup
            fill={
              Array [
                0,
                4278190080,
              ]
            }
            fillOpacity={1}
            fillRule={1}
            font={Object {}}
            matrix={
              Array [
                1,
                0,
                0,
                1,
                0,
                0,
              ]
            }
            opacity={1}
            originX={0}
            originY={0}
            propList={Array []}
            rotation={0}
            scaleX={1}
            scaleY={1}
            skewX={0}
            skewY={0}
            stroke={null}
            strokeDasharray={null}
            strokeDashoffset={null}
            strokeLinecap={0}
            strokeLinejoin={0}
            strokeMiterlimit={4}
            strokeOpacity={1}
            strokeWidth={1}
            vectorEffect={0}
            x={0}
            y={0}
          >
            <RNSVGPath
              d="M12 22C5.2 22 2 17.52 2 12S6.48 2 12 2s10 3.33 10 10v10H12zM7.84 8v9.08h3.12V12.3c0-1.14.6-1.8 1.63-1.8.53 0 1.03.27 1.23.68.17.33.2.5.2 1.4v4.5h3.1v-5.65c0-1.2-.2-1.82-.8-2.45C15.7 8.33 14.86 8 13.8 8H7.84z"
              fill={
                Array [
                  0,
                  4281348144,
                ]
              }
              fillOpacity={1}
              fillRule={1}
              matrix={
                Array [
                  1,
                  0,
                  0,
                  1,
                  0,
                  0,
                ]
              }
              opacity={1}
              originX={0}
              originY={0}
              propList={
                Array [
                  "fill",
                ]
              }
              rotation={0}
              scaleX={1}
              scaleY={1}
              skewX={0}
              skewY={0}
              stroke={null}
              strokeDasharray={null}
              strokeDashoffset={null}
              strokeLinecap={0}
              strokeLinejoin={0}
              strokeMiterlimit={4}
              strokeOpacity={1}
              strokeWidth={1}
              vectorEffect={0}
              x={0}
              y={0}
            />
          </RNSVGGroup>
        </RNSVGSvgView>
        <Text
          style={
            Object {
              "color": "#303030",
              "fontFamily": "Colfax-Black",
              "fontSize": 43,
              "lineHeight": 49.45,
              "marginBottom": 32,
            }
          }
        >
          We're glad you're here.
        </Text>
        <Text
          style={
            Object {
              "color": "#303030",
              "fontFamily": "Colfax-Bold",
              "fontSize": 16,
              "lineHeight": 23.04,
            }
          }
        >
          We're not just a building you go to, but a family to belong to.
        </Text>
      </View>
    </View>
  </RCTScrollView>
</BVLinearGradient>
`;

exports[`The Onboarding LandingScreen component should render a custom description 1`] = `
<BVLinearGradient
  colors={
    Array [
      4294967295,
      4294506484,
    ]
  }
  endPoint={
    Object {
      "x": 0.5,
      "y": 1,
    }
  }
  locations={null}
  startPoint={
    Object {
      "x": 0.5,
      "y": 0,
    }
  }
  style={
    Object {
      "flex": 1,
      "height": "100%",
    }
  }
>
  <RCTScrollView
    contentContainerStyle={
      Object {
        "minHeight": "100%",
      }
    }
    overScrollMode="auto"
    scrollEnabled={false}
    style={
      Object {
        "flex": 1,
      }
    }
  >
    <View>
      <View
        style={
          Object {
            "flex": 1,
            "justifyContent": "center",
            "paddingHorizontal": 16,
            "paddingVertical": 16,
          }
        }
      >
        <RNSVGSvgView
          align="xMidYMid"
          bbHeight={96}
          bbWidth={96}
          height={96}
          meetOrSlice={0}
          minX={0}
          minY={0}
          style={
            Array [
              Object {
                "backgroundColor": "transparent",
                "borderWidth": 0,
              },
              Object {
                "marginBottom": 16,
              },
              null,
              Object {
                "flex": 0,
                "height": 96,
                "width": 96,
              },
            ]
          }
          vbHeight={24}
          vbWidth={24}
          width={96}
        >
          <RNSVGGroup
            fill={
              Array [
                0,
                4278190080,
              ]
            }
            fillOpacity={1}
            fillRule={1}
            font={Object {}}
            matrix={
              Array [
                1,
                0,
                0,
                1,
                0,
                0,
              ]
            }
            opacity={1}
            originX={0}
            originY={0}
            propList={Array []}
            rotation={0}
            scaleX={1}
            scaleY={1}
            skewX={0}
            skewY={0}
            stroke={null}
            strokeDasharray={null}
            strokeDashoffset={null}
            strokeLinecap={0}
            strokeLinejoin={0}
            strokeMiterlimit={4}
            strokeOpacity={1}
            strokeWidth={1}
            vectorEffect={0}
            x={0}
            y={0}
          >
            <RNSVGPath
              d="M12 22C5.2 22 2 17.52 2 12S6.48 2 12 2s10 3.33 10 10v10H12zM7.84 8v9.08h3.12V12.3c0-1.14.6-1.8 1.63-1.8.53 0 1.03.27 1.23.68.17.33.2.5.2 1.4v4.5h3.1v-5.65c0-1.2-.2-1.82-.8-2.45C15.7 8.33 14.86 8 13.8 8H7.84z"
              fill={
                Array [
                  0,
                  4281348144,
                ]
              }
              fillOpacity={1}
              fillRule={1}
              matrix={
                Array [
                  1,
                  0,
                  0,
                  1,
                  0,
                  0,
                ]
              }
              opacity={1}
              originX={0}
              originY={0}
              propList={
                Array [
                  "fill",
                ]
              }
              rotation={0}
              scaleX={1}
              scaleY={1}
              skewX={0}
              skewY={0}
              stroke={null}
              strokeDasharray={null}
              strokeDashoffset={null}
              strokeLinecap={0}
              strokeLinejoin={0}
              strokeMiterlimit={4}
              strokeOpacity={1}
              strokeWidth={1}
              vectorEffect={0}
              x={0}
              y={0}
            />
          </RNSVGGroup>
        </RNSVGSvgView>
        <Text
          style={
            Object {
              "color": "#303030",
              "fontFamily": "Colfax-Black",
              "fontSize": 43,
              "lineHeight": 49.45,
              "marginBottom": 32,
            }
          }
        >
          We're glad you're here.
        </Text>
        <Text
          style={
            Object {
              "color": "#303030",
              "fontFamily": "Colfax-Bold",
              "fontSize": 16,
              "lineHeight": 23.04,
            }
          }
        >
          Custom description text
        </Text>
      </View>
    </View>
  </RCTScrollView>
</BVLinearGradient>
`;

exports[`The Onboarding LandingScreen component should render a custom title 1`] = `
<BVLinearGradient
  colors={
    Array [
      4294967295,
      4294506484,
    ]
  }
  endPoint={
    Object {
      "x": 0.5,
      "y": 1,
    }
  }
  locations={null}
  startPoint={
    Object {
      "x": 0.5,
      "y": 0,
    }
  }
  style={
    Object {
      "flex": 1,
      "height": "100%",
    }
  }
>
  <RCTScrollView
    contentContainerStyle={
      Object {
        "minHeight": "100%",
      }
    }
    overScrollMode="auto"
    scrollEnabled={false}
    style={
      Object {
        "flex": 1,
      }
    }
  >
    <View>
      <View
        style={
          Object {
            "flex": 1,
            "justifyContent": "center",
            "paddingHorizontal": 16,
            "paddingVertical": 16,
          }
        }
      >
        <RNSVGSvgView
          align="xMidYMid"
          bbHeight={96}
          bbWidth={96}
          height={96}
          meetOrSlice={0}
          minX={0}
          minY={0}
          style={
            Array [
              Object {
                "backgroundColor": "transparent",
                "borderWidth": 0,
              },
              Object {
                "marginBottom": 16,
              },
              null,
              Object {
                "flex": 0,
                "height": 96,
                "width": 96,
              },
            ]
          }
          vbHeight={24}
          vbWidth={24}
          width={96}
        >
          <RNSVGGroup
            fill={
              Array [
                0,
                4278190080,
              ]
            }
            fillOpacity={1}
            fillRule={1}
            font={Object {}}
            matrix={
              Array [
                1,
                0,
                0,
                1,
                0,
                0,
              ]
            }
            opacity={1}
            originX={0}
            originY={0}
            propList={Array []}
            rotation={0}
            scaleX={1}
            scaleY={1}
            skewX={0}
            skewY={0}
            stroke={null}
            strokeDasharray={null}
            strokeDashoffset={null}
            strokeLinecap={0}
            strokeLinejoin={0}
            strokeMiterlimit={4}
            strokeOpacity={1}
            strokeWidth={1}
            vectorEffect={0}
            x={0}
            y={0}
          >
            <RNSVGPath
              d="M12 22C5.2 22 2 17.52 2 12S6.48 2 12 2s10 3.33 10 10v10H12zM7.84 8v9.08h3.12V12.3c0-1.14.6-1.8 1.63-1.8.53 0 1.03.27 1.23.68.17.33.2.5.2 1.4v4.5h3.1v-5.65c0-1.2-.2-1.82-.8-2.45C15.7 8.33 14.86 8 13.8 8H7.84z"
              fill={
                Array [
                  0,
                  4281348144,
                ]
              }
              fillOpacity={1}
              fillRule={1}
              matrix={
                Array [
                  1,
                  0,
                  0,
                  1,
                  0,
                  0,
                ]
              }
              opacity={1}
              originX={0}
              originY={0}
              propList={
                Array [
                  "fill",
                ]
              }
              rotation={0}
              scaleX={1}
              scaleY={1}
              skewX={0}
              skewY={0}
              stroke={null}
              strokeDasharray={null}
              strokeDashoffset={null}
              strokeLinecap={0}
              strokeLinejoin={0}
              strokeMiterlimit={4}
              strokeOpacity={1}
              strokeWidth={1}
              vectorEffect={0}
              x={0}
              y={0}
            />
          </RNSVGGroup>
        </RNSVGSvgView>
        <Text
          style={
            Object {
              "color": "#303030",
              "fontFamily": "Colfax-Black",
              "fontSize": 43,
              "lineHeight": 49.45,
              "marginBottom": 32,
            }
          }
        >
          Custom title text
        </Text>
        <Text
          style={
            Object {
              "color": "#303030",
              "fontFamily": "Colfax-Bold",
              "fontSize": 16,
              "lineHeight": 23.04,
            }
          }
        >
          We're not just a building you go to, but a family to belong to.
        </Text>
      </View>
    </View>
  </RCTScrollView>
</BVLinearGradient>
`;

exports[`The Onboarding LandingScreen component should render with a custom text color 1`] = `
<BVLinearGradient
  colors={
    Array [
      4294967295,
      4294506484,
    ]
  }
  endPoint={
    Object {
      "x": 0.5,
      "y": 1,
    }
  }
  locations={null}
  startPoint={
    Object {
      "x": 0.5,
      "y": 0,
    }
  }
  style={
    Object {
      "flex": 1,
      "height": "100%",
    }
  }
>
  <RCTScrollView
    contentContainerStyle={
      Object {
        "minHeight": "100%",
      }
    }
    overScrollMode="auto"
    scrollEnabled={false}
    style={
      Object {
        "flex": 1,
      }
    }
  >
    <View>
      <View
        style={
          Object {
            "flex": 1,
            "justifyContent": "center",
            "paddingHorizontal": 16,
            "paddingVertical": 16,
          }
        }
      >
        <RNSVGSvgView
          align="xMidYMid"
          bbHeight={96}
          bbWidth={96}
          color="salmon"
          height={96}
          meetOrSlice={0}
          minX={0}
          minY={0}
          style={
            Array [
              Object {
                "backgroundColor": "transparent",
                "borderWidth": 0,
              },
              Object {
                "marginBottom": 16,
              },
              null,
              Object {
                "flex": 0,
                "height": 96,
                "width": 96,
              },
            ]
          }
          tintColor="salmon"
          vbHeight={24}
          vbWidth={24}
          width={96}
        >
          <RNSVGGroup
            fill={
              Array [
                0,
                4278190080,
              ]
            }
            fillOpacity={1}
            fillRule={1}
            font={Object {}}
            matrix={
              Array [
                1,
                0,
                0,
                1,
                0,
                0,
              ]
            }
            opacity={1}
            originX={0}
            originY={0}
            propList={Array []}
            rotation={0}
            scaleX={1}
            scaleY={1}
            skewX={0}
            skewY={0}
            stroke={null}
            strokeDasharray={null}
            strokeDashoffset={null}
            strokeLinecap={0}
            strokeLinejoin={0}
            strokeMiterlimit={4}
            strokeOpacity={1}
            strokeWidth={1}
            vectorEffect={0}
            x={0}
            y={0}
          >
            <RNSVGPath
              d="M12 22C5.2 22 2 17.52 2 12S6.48 2 12 2s10 3.33 10 10v10H12zM7.84 8v9.08h3.12V12.3c0-1.14.6-1.8 1.63-1.8.53 0 1.03.27 1.23.68.17.33.2.5.2 1.4v4.5h3.1v-5.65c0-1.2-.2-1.82-.8-2.45C15.7 8.33 14.86 8 13.8 8H7.84z"
              fill={
                Array [
                  0,
                  4294606962,
                ]
              }
              fillOpacity={1}
              fillRule={1}
              matrix={
                Array [
                  1,
                  0,
                  0,
                  1,
                  0,
                  0,
                ]
              }
              opacity={1}
              originX={0}
              originY={0}
              propList={
                Array [
                  "fill",
                ]
              }
              rotation={0}
              scaleX={1}
              scaleY={1}
              skewX={0}
              skewY={0}
              stroke={null}
              strokeDasharray={null}
              strokeDashoffset={null}
              strokeLinecap={0}
              strokeLinejoin={0}
              strokeMiterlimit={4}
              strokeOpacity={1}
              strokeWidth={1}
              vectorEffect={0}
              x={0}
              y={0}
            />
          </RNSVGGroup>
        </RNSVGSvgView>
        <Text
          color="salmon"
          style={
            Object {
              "color": "salmon",
              "fontFamily": "Colfax-Black",
              "fontSize": 43,
              "lineHeight": 49.45,
              "marginBottom": 32,
            }
          }
        >
          We're glad you're here.
        </Text>
        <Text
          color="salmon"
          style={
            Object {
              "color": "salmon",
              "fontFamily": "Colfax-Bold",
              "fontSize": 16,
              "lineHeight": 23.04,
            }
          }
        >
          We're not just a building you go to, but a family to belong to.
        </Text>
      </View>
    </View>
  </RCTScrollView>
</BVLinearGradient>
`;

exports[`The Onboarding LandingScreen component should render with an ImageComponent 1`] = `
<BVLinearGradient
  colors={
    Array [
      4294967295,
      4294506484,
    ]
  }
  endPoint={
    Object {
      "x": 0.5,
      "y": 1,
    }
  }
  locations={null}
  startPoint={
    Object {
      "x": 0.5,
      "y": 0,
    }
  }
  style={
    Object {
      "flex": 1,
      "height": "100%",
    }
  }
>
  <RCTScrollView
    contentContainerStyle={
      Object {
        "minHeight": "100%",
      }
    }
    overScrollMode="auto"
    scrollEnabled={false}
    style={
      Object {
        "flex": 1,
      }
    }
  >
    <View>
      <View
        style={
          Object {
            "backgroundColor": "#dddddd",
            "overflow": "hidden",
            "width": "100%",
          }
        }
      >
        <View
          animate={null}
          customAnimate={null}
          onReady={false}
          style={
            Object {
              "aspectRatio": 1,
              "backgroundColor": "#dddddd",
              "resizeMode": "cover",
              "width": "100%",
            }
          }
        >
          <Image
            onLoad={[Function]}
            source={
              Array [
                Object {
                  "cache": "force-cache",
                  "uri": "https://picsum.photos/375/812/?random",
                  "url": "https://picsum.photos/375/812/?random",
                },
              ]
            }
            style={
              Object {
                "backgroundColor": "#dddddd",
                "opacity": 0,
                "resizeMode": "cover",
                "width": "100%",
              }
            }
          />
        </View>
      </View>
      <View
        style={
          Object {
            "flex": 1,
            "justifyContent": "center",
            "paddingHorizontal": 16,
            "paddingVertical": 16,
          }
        }
      >
        <RNSVGSvgView
          align="xMidYMid"
          bbHeight={96}
          bbWidth={96}
          height={96}
          meetOrSlice={0}
          minX={0}
          minY={0}
          style={
            Array [
              Object {
                "backgroundColor": "transparent",
                "borderWidth": 0,
              },
              Object {
                "marginBottom": 16,
              },
              null,
              Object {
                "flex": 0,
                "height": 96,
                "width": 96,
              },
            ]
          }
          vbHeight={24}
          vbWidth={24}
          width={96}
        >
          <RNSVGGroup
            fill={
              Array [
                0,
                4278190080,
              ]
            }
            fillOpacity={1}
            fillRule={1}
            font={Object {}}
            matrix={
              Array [
                1,
                0,
                0,
                1,
                0,
                0,
              ]
            }
            opacity={1}
            originX={0}
            originY={0}
            propList={Array []}
            rotation={0}
            scaleX={1}
            scaleY={1}
            skewX={0}
            skewY={0}
            stroke={null}
            strokeDasharray={null}
            strokeDashoffset={null}
            strokeLinecap={0}
            strokeLinejoin={0}
            strokeMiterlimit={4}
            strokeOpacity={1}
            strokeWidth={1}
            vectorEffect={0}
            x={0}
            y={0}
          >
            <RNSVGPath
              d="M12 22C5.2 22 2 17.52 2 12S6.48 2 12 2s10 3.33 10 10v10H12zM7.84 8v9.08h3.12V12.3c0-1.14.6-1.8 1.63-1.8.53 0 1.03.27 1.23.68.17.33.2.5.2 1.4v4.5h3.1v-5.65c0-1.2-.2-1.82-.8-2.45C15.7 8.33 14.86 8 13.8 8H7.84z"
              fill={
                Array [
                  0,
                  4281348144,
                ]
              }
              fillOpacity={1}
              fillRule={1}
              matrix={
                Array [
                  1,
                  0,
                  0,
                  1,
                  0,
                  0,
                ]
              }
              opacity={1}
              originX={0}
              originY={0}
              propList={
                Array [
                  "fill",
                ]
              }
              rotation={0}
              scaleX={1}
              scaleY={1}
              skewX={0}
              skewY={0}
              stroke={null}
              strokeDasharray={null}
              strokeDashoffset={null}
              strokeLinecap={0}
              strokeLinejoin={0}
              strokeMiterlimit={4}
              strokeOpacity={1}
              strokeWidth={1}
              vectorEffect={0}
              x={0}
              y={0}
            />
          </RNSVGGroup>
        </RNSVGSvgView>
        <Text
          style={
            Object {
              "color": "#303030",
              "fontFamily": "Colfax-Black",
              "fontSize": 43,
              "lineHeight": 49.45,
              "marginBottom": 32,
            }
          }
        >
          We're glad you're here.
        </Text>
        <Text
          style={
            Object {
              "color": "#303030",
              "fontFamily": "Colfax-Bold",
              "fontSize": 16,
              "lineHeight": 23.04,
            }
          }
        >
          We're not just a building you go to, but a family to belong to.
        </Text>
      </View>
    </View>
  </RCTScrollView>
</BVLinearGradient>
`;
